Diagnose log at 2026-07-24T08:45:09Z

AppPath: C:\Program Files\Git\mingw64\bin\git-credential-manager.exe
InstallDir: C:\Program Files\Git\mingw64\bin\
Version: 2.6.1+786ab03440ddc82e807a97c0e540f5247e44cec6

------------
Diagnostic: Environment
Skipped: False
Success: True
Exception: None
Log:
OSType: Windows
OSVersion: 10.0 (build 26200)
Reading environment variables... OK
 Variables:
MSYSTEM_CHOST=x86_64-w64-mingw32
_=C:/Program Files/Git/mingw64/bin/git
ORIGINAL_TMP=C:/Users/HP/AppData/Local/Temp
PUBLIC=C:\Users\Public
ALLUSERSPROFILE=C:\ProgramData
LOGONSERVER=\\INT-HTKDUNG-LAP
INFOPATH=C:\Program Files\Git\mingw64\local\info;C:\Program Files\Git\mingw64\share\info;C:\Program Files\Git\usr\local\info;C:\Program Files\Git\usr\share\info;C:\Program Files\Git\usr\info;C:\Program Files\Git\share\info
LOCALAPPDATA=C:\Users\HP\AppData\Local
GIT_EXEC_PATH=C:/Program Files/Git/mingw64/libexec/git-core
EFC_6316_3789132940=1
MAVEN_HOME=C:\Program Files\Maven\apache-maven-3.9.11
PKG_CONFIG_PATH=C:\Program Files\Git\mingw64\lib\pkgconfig;C:\Program Files\Git\mingw64\share\pkgconfig
TMPDIR=C:\Users\HP\AppData\Local\Temp
ORIGINAL_PATH=C:\Program Files\Git\mingw64\bin;C:\Program Files\Git\usr\bin;C:\Users\HP\bin;C:\Program Files\Common Files\Oracle\Java\javapath;D:\Users\Python\Scripts;D:\Users\Python;C:\Program Files\Microsoft MPI\Bin;C:\Program Files\Python312\Scripts;C:\Program Files\Python312;C:\WINDOWS\system32;C:\WINDOWS;C:\WINDOWS\System32\Wbem;C:\WINDOWS\System32\WindowsPowerShell\v1.0;C:\WINDOWS\System32\OpenSSH;C:\Program Files\dotnet;C:\Program Files\dotnet;C:\Program Files (x86)\Microsoft SQL Server\160\Tools\Binn;C:\Program Files\Microsoft SQL Server\160\Tools\Binn;C:\Program Files\Microsoft SQL Server\Client SDK\ODBC\170\Tools\Binn;C:\Program Files\Microsoft SQL Server\160\DTS\Binn;C:\Program Files (x86)\Microsoft SQL Server\160\DTS\Binn;C:\Program Files\Microsoft SQL Server\150\Tools\Binn;D:\Users\Java\bin;C:\Program Files\Maven\apache-maven-3.9.11\bin;C:\Program Files\nodejs;C:\Program Files\Git\cmd;C:\Program Files\Microsoft SQL Server\130\DTS\Binn;C:\Program Files\Microsoft SQL Server\140\DTS\Binn;C:\Program Files\Microsoft SQL Server\150\DTS\Binn;C:\Program Files\Microsoft SQL Server\170\DTS\Binn;C:\Program Files\wkhtmltopdf\bin;C:\Program Files\MySQL\MySQL Server 9.6\bin;C:\Users\HP\AppData\Local\Microsoft\WindowsApps;C:\Users\HP\.dotnet\tools;C:\Users\HP\AppData\Roaming\npm;C:\ProgramData\HP\GitHubDesktop\bin;C:\Users\HP\AppData\Local\GitHubDesktop\bin;C:\Users\HP\AppData\Local\Kingsoft\WPS Office\12.1.0.27458\clitool;D:\Users\VisualStudioCode\Microsoft VS Code\bin
platformcode=KV
ACLOCAL_PATH=C:\Program Files\Git\mingw64\share\aclocal;C:\Program Files\Git\usr\share\aclocal
ProgramW6432=C:\Program Files
MINGW_PREFIX=C:/Program Files/Git/mingw64
SYSTEMROOT=C:\WINDOWS
MANPATH=C:\Program Files\Git\mingw64\local\man;C:\Program Files\Git\mingw64\share\man;C:\Program Files\Git\usr\local\man;C:\Program Files\Git\usr\share\man;C:\Program Files\Git\usr\man;C:\Program Files\Git\share\man
MSYSTEM=MINGW64
CONFIG_SITE=C:/Program Files/Git/etc/config.site
SHELL=C:\Program Files\Git\usr\bin\bash.exe
ZES_ENABLE_SYSMAN=1
EFC_6316_2946480783=1
OS=Windows_NT
PROCESSOR_ARCHITECTURE=x86
MINGW_PACKAGE_PREFIX=mingw-w64-x86_64
SHLVL=1
PATHEXT=.COM;.EXE;.BAT;.CMD;.VBS;.VBE;.JS;.JSE;.WSF;.WSH;.MSC;.PY;.PYW
LC_CTYPE=en_US.UTF-8
DISPLAY=needs-to-be-defined
JAVA_HOME=D:\Users\Java
IGCCSVC_DB=AQAAANCMnd8BFdERjHoAwE/Cl+sBAAAAhtWryZaaUUKpK66844qLVQQAAAACAAAAAAAQZgAAAAEAACAAAAAcaOoEfLbV0GZKZ2RAsaLuMhm4j0kqaLyTtAM7/hsaLQAAAAAOgAAAAAIAACAAAACFmS0VaXreMlP4qg9VHXQvUHfmBeFz81lxeNhNUlkp+2AAAAC0krpC+qS+r8vqZGNae2yNOHzPVvYjmZWYT1kkSSCCbG1pLi/MJikMfoOFKlIVm7AscEteLzMDXBIK5ct9BbkfxDGpygGkZCIlIaxcCetgjWvZPX1TIsT9oM4LLCt8Te9AAAAA8kSBQfK+ubLIDCSCHttdwUfA3ofsVJREDQJeqXRxCwmRISxLNto8RsHqx9BwlfmZEuEXtPz6zGzj/YrfoaG/0Q==
ORIGINAL_TEMP=C:/Users/HP/AppData/Local/Temp
CommonProgramW6432=C:\Program Files\Common Files
ProgramFiles(x86)=C:\Program Files (x86)
COMSPEC=C:\WINDOWS\system32\cmd.exe
MSYSTEM_CARCH=x86_64
USERNAME=HP
MSMPI_BENCHMARKS=C:\Program Files\Microsoft MPI\Benchmarks\
TERM_PROGRAM_VERSION=3.8.1
MINGW_CHOST=x86_64-w64-mingw32
TERM=xterm
EFC_6316_2775293581=1
PATH=C:/Program Files/Git/mingw64/libexec/git-core;C:\Users\HP\bin;C:\Program Files\Git\mingw64\bin;C:\Program Files\Git\usr\local\bin;C:\Program Files\Git\usr\bin;C:\Program Files\Git\usr\bin;C:\Program Files\Git\mingw64\bin;C:\Program Files\Git\usr\bin;C:\Users\HP\bin;C:\Program Files\Common Files\Oracle\Java\javapath;D:\Users\Python\Scripts;D:\Users\Python;C:\Program Files\Microsoft MPI\Bin;C:\Program Files\Python312\Scripts;C:\Program Files\Python312;C:\WINDOWS\system32;C:\WINDOWS;C:\WINDOWS\System32\Wbem;C:\WINDOWS\System32\WindowsPowerShell\v1.0;C:\WINDOWS\System32\OpenSSH;C:\Program Files\dotnet;C:\Program Files\dotnet;C:\Program Files (x86)\Microsoft SQL Server\160\Tools\Binn;C:\Program Files\Microsoft SQL Server\160\Tools\Binn;C:\Program Files\Microsoft SQL Server\Client SDK\ODBC\170\Tools\Binn;C:\Program Files\Microsoft SQL Server\160\DTS\Binn;C:\Program Files (x86)\Microsoft SQL Server\160\DTS\Binn;C:\Program Files\Microsoft SQL Server\150\Tools\Binn;D:\Users\Java\bin;C:\Program Files\Maven\apache-maven-3.9.11\bin;C:\Program Files\nodejs;C:\Program Files\Git\cmd;C:\Program Files\Microsoft SQL Server\130\DTS\Binn;C:\Program Files\Microsoft SQL Server\140\DTS\Binn;C:\Program Files\Microsoft SQL Server\150\DTS\Binn;C:\Program Files\Microsoft SQL Server\170\DTS\Binn;C:\Program Files\wkhtmltopdf\bin;C:\Program Files\MySQL\MySQL Server 9.6\bin;C:\Users\HP\AppData\Local\Microsoft\WindowsApps;C:\Users\HP\.dotnet\tools;C:\Users\HP\AppData\Roaming\npm;C:\ProgramData\HP\GitHubDesktop\bin;C:\Users\HP\AppData\Local\GitHubDesktop\bin;C:\Users\HP\AppData\Local\Kingsoft\WPS Office\12.1.0.27458\clitool;D:\Users\VisualStudioCode\Microsoft VS Code\bin;C:\Program Files\Git\usr\bin\vendor_perl;C:\Program Files\Git\usr\bin\core_perl
OnlineServices=Online Services
PSModulePath=C:\Program Files\WindowsPowerShell\Modules;C:\WINDOWS\system32\WindowsPowerShell\v1.0\Modules;C:\Program Files (x86)\Microsoft SQL Server\160\Tools\PowerShell\Modules\
PROCESSOR_REVISION=9a03
MSMPI_BIN=C:\Program Files\Microsoft MPI\Bin\
PWD=D:/TMA/49K21.2_TTNN
APPDATA=C:\Users\HP\AppData\Roaming
FPS_BROWSER_APP_PROFILE_STRING=Internet Explorer
COMPUTERNAME=INT-HTKDUNG-LAP
OneDrive=C:\Users\HP\OneDrive
FPS_BROWSER_USER_PROFILE_STRING=Default
DriverData=C:\Windows\System32\Drivers\DriverData
PLINK_PROTOCOL=ssh
WPSCLI_HOME=C:\Users\HP\AppData\Local\Kingsoft\WPS Office\12.1.0.27458\clitool
PROCESSOR_LEVEL=6
ProgramData=C:\ProgramData
EXEPATH=C:\Program Files\Git
HOMEDRIVE=C:
PKG_CONFIG_SYSTEM_INCLUDE_PATH=C:/Program Files/Git/mingw64/include
PKG_CONFIG_SYSTEM_LIBRARY_PATH=C:/Program Files/Git/mingw64/lib
PROGRAMFILES=C:\Program Files (x86)
OLDPWD=C:/Users/HP
SSH_ASKPASS=C:/Program Files/Git/mingw64/bin/git-askpass.exe
USERPROFILE=C:\Users\HP
GIT_TRACE2_PARENT_SID=8a47b641-cb92-41a1-9612-fcd56df911cb
RegionCode=APJ
PROCESSOR_IDENTIFIER=Intel64 Family 6 Model 154 Stepping 3, GenuineIntel
CommonProgramFiles(x86)=C:\Program Files (x86)\Common Files
SESSIONNAME=Console
TMP=C:\Users\HP\AppData\Local\Temp
WINDIR=C:\WINDOWS
HOSTNAME=int-htkdung-laptop
TERM_PROGRAM=mintty
EFC_6316_2283032206=1
USERDOMAIN=INT-HTKDUNG-LAP
NUMBER_OF_PROCESSORS=16
DEFLOGDIR=C:\ProgramData\McAfee\Endpoint Security\Logs
PS1=\[\033]0;$TITLEPREFIX:$PWD\007\]\n\[\033[32m\]\u@\h \[\033[35m\]$MSYSTEM \[\033[33m\]\w\[\033[36m\]`__git_ps1`\[\033[0m\]\n$ 
SYSTEMDRIVE=C:
EFC_6316_4126798990=1
USERDOMAIN_ROAMINGPROFILE=INT-HTKDUNG-LAP
COMMONPROGRAMFILES=C:\Program Files (x86)\Common Files
EFC_6316_1592913036=1
asl.log=Destination=file
EFC_6316_1262719628=1
HOMEPATH=\Users\HP
HOME=C:\Users\HP
MSYSTEM_PREFIX=C:/Program Files/Git/mingw64
PROCESSOR_ARCHITEW6432=AMD64
TEMP=C:\Users\HP\AppData\Local\Temp


------------
Diagnostic: File system
Skipped: False
Success: True
Exception: None
Log:
Temporary directory is 'C:\Users\HP\AppData\Local\Temp\'...
Checking basic file I/O...
Writing to temporary file 'C:\Users\HP\AppData\Local\Temp\5d7943e9bce90e7acddad826'... OK
Reading from temporary file 'C:\Users\HP\AppData\Local\Temp\5d7943e9bce90e7acddad826'... OK
Deleting temporary file 'C:\Users\HP\AppData\Local\Temp\5d7943e9bce90e7acddad826'... OK
Testing IFileSystem instance...
UserHomePath: C:\Users\HP
UserDataDirectoryPath: C:\Users\HP\.gcm
GetCurrentDirectory(): D:\TMA\49K21.2_TTNN

------------
Diagnostic: Networking
Skipped: False
Success: True
Exception: None
Log:
Checking networking and HTTP stack...
Creating HTTP client... OK
IsNetworkAvailable: True
Sending HEAD request to http://example.com...Sending HEAD request to https://example.com... OK
 OK
Acquiring free TCP port... OK
Testing local HTTP loopback connections...
Creating new HTTP listener for http://localhost:59271/... OK
Waiting for loopback connection... OK
Writing response... OK
Waiting for response data... OK
Loopback connection data OK

------------
Diagnostic: Git
Skipped: False
Success: True
Exception: None
Log:
Getting Git version... OK
Git version is '2.51.2.windows.1'
Locating current repository...Git repository at 'D:/TMA/49K21.2_TTNN/.git'
 OK
Listing all Git configuration... OK
Git configuration:
file:C:/Program Files/Git/etc/gitconfig	diff.astextplain.textconv=astextplain
file:C:/Program Files/Git/etc/gitconfig	filter.lfs.clean=git-lfs clean -- %f
file:C:/Program Files/Git/etc/gitconfig	filter.lfs.smudge=git-lfs smudge -- %f
file:C:/Program Files/Git/etc/gitconfig	filter.lfs.process=git-lfs filter-process
file:C:/Program Files/Git/etc/gitconfig	filter.lfs.required=true
file:C:/Program Files/Git/etc/gitconfig	http.sslbackend=schannel
file:C:/Program Files/Git/etc/gitconfig	core.autocrlf=true
file:C:/Program Files/Git/etc/gitconfig	core.fscache=true
file:C:/Program Files/Git/etc/gitconfig	core.symlinks=false
file:C:/Program Files/Git/etc/gitconfig	pull.rebase=false
file:C:/Program Files/Git/etc/gitconfig	credential.helper=manager
file:C:/Program Files/Git/etc/gitconfig	credential.https://dev.azure.com.usehttppath=true
file:C:/Program Files/Git/etc/gitconfig	init.defaultbranch=master
file:C:/Users/HP/.gitconfig	filter.lfs.clean=git-lfs clean -- %f
file:C:/Users/HP/.gitconfig	filter.lfs.smudge=git-lfs smudge -- %f
file:C:/Users/HP/.gitconfig	filter.lfs.process=git-lfs filter-process
file:C:/Users/HP/.gitconfig	filter.lfs.required=true
file:C:/Users/HP/.gitconfig	user.name=dung2610-vizulla
file:C:/Users/HP/.gitconfig	user.email=hoangdungdh927@gmail.com
file:.git/config	core.repositoryformatversion=0
file:.git/config	core.filemode=false
file:.git/config	core.bare=false
file:.git/config	core.logallrefupdates=true
file:.git/config	core.symlinks=false
file:.git/config	core.ignorecase=true
file:.git/config	remote.origin.url=https://github.com/dung2610-vizulla/49K21.2_TTNN_KiemThu.git
file:.git/config	remote.origin.fetch=+refs/heads/*:refs/remotes/origin/*


------------
Diagnostic: Credential storage
Skipped: False
Success: True
Exception: None
Log:
ICredentialStore instance is of type: CredentialStore
Writing test credential... OK
Reading test credential... OK
Deleting test credential... OK

------------
Diagnostic: Microsoft authentication (AAD/MSA)
Skipped: False
Success: True
Exception: None
Log:
Broker is not enabled.
Flow type is: Auto
Gathering MSAL token cache data... OK
CacheDirectory: C:\Users\HP\AppData\Local\.IdentityService
CacheFileName: msal.cache
CacheFilePath: C:\Users\HP\AppData\Local\.IdentityService\msal.cache
Creating cache helper... OK
Verifying MSAL token cache persistence... OK

------------
Diagnostic: GitHub API
Skipped: False
Success: True
Exception: None
Log:
Using 'https://github.com/' as API target.
Querying '/meta' endpoint... OK

